#
# There is insufficient memory for the Java Runtime Environment to continue.
# Native memory allocation (mmap) failed to map 232783872 bytes. Error detail: G1 virtual space
# Possible reasons:
#   The system is out of physical RAM or swap space
#   This process is running with CompressedOops enabled, and the Java Heap may be blocking the growth of the native heap
# Possible solutions:
#   Reduce memory load on the system
#   Increase physical memory or swap space
#   Check if swap backing store is full
#   Decrease Java heap size (-Xmx/-Xms)
#   Decrease number of Java threads
#   Decrease Java thread stack sizes (-Xss)
#   Set larger code cache with -XX:ReservedCodeCacheSize=
#   JVM is running with Zero Based Compressed Oops mode in which the Java heap is
#     placed in the first 32GB address space. The Java Heap base address is the
#     maximum limit for the native heap growth. Please use -XX:HeapBaseMinAddress
#     to set the Java Heap base and to place the Java Heap above 32GB virtual address.
# This output file may be truncated or incomplete.
#
#  Out of Memory Error (os_windows.cpp:3714), pid=3964, tid=18584
#
# JRE version:  (21.0.10+7) (build )
# Java VM: OpenJDK 64-Bit Server VM (21.0.10+7-LTS, mixed mode, sharing, tiered, compressed oops, compressed class ptrs, g1 gc, windows-amd64)
# No core dump will be written. Minidumps are not enabled by default on client versions of Windows
#

---------------  S U M M A R Y ------------

Command Line: org.jetbrains.kotlin.cli.jvm.K2JVMCompiler @C:\dveloped\flutter\packages\flutter_tools\gradle\build\20260602_16391540518321547501.compiler.options

Host: AMD Ryzen 7 5700U with Radeon Graphics         , 16 cores, 13G,  Windows 11 , 64 bit Build 26100 (10.0.26100.8328)
Time: Tue Jun  2 11:33:14 2026 Hora de verano romance elapsed time: 1.646922 seconds (0d 0h 0m 1s)

---------------  T H R E A D  ---------------

Current thread (0x0000023ab4815f50):  JavaThread "Unknown thread" [_thread_in_vm, id=18584, stack(0x0000005242100000,0x0000005242200000) (1024K)]

Stack: [0x0000005242100000,0x0000005242200000]
Native frames: (J=compiled Java code, j=interpreted, Vv=VM code, C=native code)
V  [jvm.dll+0x6d7a39]
V  [jvm.dll+0x8b4b26]
V  [jvm.dll+0x8b70de]
V  [jvm.dll+0x8b77c3]
V  [jvm.dll+0x284346]
V  [jvm.dll+0x6d4355]
V  [jvm.dll+0x6c808a]
V  [jvm.dll+0x35edb8]
V  [jvm.dll+0x3669f6]
V  [jvm.dll+0x3b7afe]
V  [jvm.dll+0x3b7da8]
V  [jvm.dll+0x332fbc]
V  [jvm.dll+0x333b0b]
V  [jvm.dll+0x87eadb]
V  [jvm.dll+0x3c4a81]
V  [jvm.dll+0x867d25]
V  [jvm.dll+0x457b31]
V  [jvm.dll+0x459721]
C  [jli.dll+0x52d0]
C  [ucrtbase.dll+0x37b0]
C  [KERNEL32.DLL+0x2e957]
C  [ntdll.dll+0x427c]


---------------  P R O C E S S  ---------------

Threads class SMR info:
_java_thread_list=0x00007ffdbb2ca1c8, length=0, elements={
}

Java Threads: ( => current thread )
Total: 0

Other Threads:
  0x0000023ab6c69780 WorkerThread "GC Thread#0"                     [id=14064, stack(0x0000005242200000,0x0000005242300000) (1024K)]
  0x0000023ab6c78410 ConcurrentGCThread "G1 Main Marker"            [id=17744, stack(0x0000005242300000,0x0000005242400000) (1024K)]
  0x0000023ab6c7a8c0 WorkerThread "G1 Conc#0"                       [id=9048, stack(0x0000005242400000,0x0000005242500000) (1024K)]

[error occurred during error reporting (printing all threads), id 0xc0000005, EXCEPTION_ACCESS_VIOLATION (0xc0000005) at pc=0x00007ffdba9c56a7]
VM state: not at safepoint (not fully initialized)

VM Mutex/Monitor currently owned by a thread:  ([mutex/lock_event])
[0x00007ffdbb33e660] Heap_lock - owner thread: 0x0000023ab4815f50

Heap address: 0x0000000722600000, size: 3546 MB, Compressed Oops mode: Zero based, Oop shift amount: 3

CDS archive(s) mapped at: [0x0000000000000000-0x0000000000000000-0x0000000000000000), size 0, SharedBaseAddress: 0x0000000800000000, ArchiveRelocationMode: 1.
Narrow klass base: 0x0000000000000000, Narrow klass shift: 0, Narrow klass range: 0x0

GC Precious Log:
 CardTable entry size: 512
 Card Set container configuration: InlinePtr #cards 4 size 8 Array Of Cards #cards 16 size 48 Howl #buckets 8 coarsen threshold 3686 Howl Bitmap #cards 512 size 80 coarsen threshold 460 Card regions per heap region 1 cards per card region 4096

Heap:
 garbage-first heap   total 0K, used 0K [0x0000000722600000, 0x0000000800000000)
  region size 2048K, 0 young (0K), 0 survivors (0K)

[error occurred during error reporting (printing heap information), id 0xc0000005, EXCEPTION_ACCESS_VIOLATION (0xc0000005) at pc=0x00007ffdbadb13b9]
GC Heap History (0 events):
No events

Dll operation events (1 events):
Event: 0.011 Loaded shared library C:\Users\Esther\.vscode\extensions\redhat.java-1.54.0-win32-x64\jre\21.0.10-win32-x86_64\bin\java.dll

Deoptimization events (0 events):
No events

Classes loaded (0 events):
No events

Classes unloaded (0 events):
No events

Classes redefined (0 events):
No events

Internal exceptions (0 events):
No events

ZGC Phase Switch (0 events):
No events

VM Operations (0 events):
No events

Memory protections (0 events):
No events

Nmethod flushes (0 events):
No events

Events (0 events):
No events


Dynamic libraries:
0x00007ff71e750000 - 0x00007ff71e75e000 	C:\Users\Esther\.vscode\extensions\redhat.java-1.54.0-win32-x64\jre\21.0.10-win32-x86_64\bin\java.exe
0x00007ffe6dd80000 - 0x00007ffe6dfe7000 	C:\WINDOWS\SYSTEM32\ntdll.dll
0x00007ffe6d3e0000 - 0x00007ffe6d4a9000 	C:\WINDOWS\System32\KERNEL32.DLL
0x00007ffe6b700000 - 0x00007ffe6baf7000 	C:\WINDOWS\System32\KERNELBASE.dll
0x00007ffe6ac80000 - 0x00007ffe6adcb000 	C:\WINDOWS\System32\ucrtbase.dll
0x00007ffe4a150000 - 0x00007ffe4a168000 	C:\Users\Esther\.vscode\extensions\redhat.java-1.54.0-win32-x64\jre\21.0.10-win32-x86_64\bin\jli.dll
0x00007ffe53730000 - 0x00007ffe5374e000 	C:\Users\Esther\.vscode\extensions\redhat.java-1.54.0-win32-x64\jre\21.0.10-win32-x86_64\bin\VCRUNTIME140.dll
0x00007ffe6c310000 - 0x00007ffe6c4d6000 	C:\WINDOWS\System32\USER32.dll
0x00007ffe52720000 - 0x00007ffe529b2000 	C:\WINDOWS\WinSxS\amd64_microsoft.windows.common-controls_6595b64144ccf1df_6.0.26100.8457_none_3e0b2faee331e92d\COMCTL32.dll
0x00007ffe6a8f0000 - 0x00007ffe6a917000 	C:\WINDOWS\System32\win32u.dll
0x00007ffe6d650000 - 0x00007ffe6d67b000 	C:\WINDOWS\System32\GDI32.dll
0x00007ffe6cf70000 - 0x00007ffe6d019000 	C:\WINDOWS\System32\msvcrt.dll
0x00007ffe6aaa0000 - 0x00007ffe6abcc000 	C:\WINDOWS\System32\gdi32full.dll
0x00007ffe6a7b0000 - 0x00007ffe6a853000 	C:\WINDOWS\System32\msvcp_win.dll
0x00007ffe6d500000 - 0x00007ffe6d532000 	C:\WINDOWS\System32\IMM32.DLL
0x00007ffe55940000 - 0x00007ffe5594c000 	C:\Users\Esther\.vscode\extensions\redhat.java-1.54.0-win32-x64\jre\21.0.10-win32-x86_64\bin\vcruntime140_1.dll
0x00007ffe2f720000 - 0x00007ffe2f7ad000 	C:\Users\Esther\.vscode\extensions\redhat.java-1.54.0-win32-x64\jre\21.0.10-win32-x86_64\bin\msvcp140.dll
0x00007ffdba680000 - 0x00007ffdbb421000 	C:\Users\Esther\.vscode\extensions\redhat.java-1.54.0-win32-x64\jre\21.0.10-win32-x86_64\bin\server\jvm.dll
0x00007ffe6d680000 - 0x00007ffe6d736000 	C:\WINDOWS\System32\ADVAPI32.dll
0x00007ffe6dc90000 - 0x00007ffe6dd37000 	C:\WINDOWS\System32\sechost.dll
0x00007ffe6d0e0000 - 0x00007ffe6d1f8000 	C:\WINDOWS\System32\RPCRT4.dll
0x00007ffe6cee0000 - 0x00007ffe6cf60000 	C:\WINDOWS\System32\WS2_32.dll
0x00007ffe6a630000 - 0x00007ffe6a68e000 	C:\WINDOWS\SYSTEM32\POWRPROF.dll
0x00007ffe63ff0000 - 0x00007ffe63ffb000 	C:\WINDOWS\SYSTEM32\VERSION.dll
0x00007ffe60af0000 - 0x00007ffe60b26000 	C:\WINDOWS\SYSTEM32\WINMM.dll
0x00007ffe6a5f0000 - 0x00007ffe6a604000 	C:\WINDOWS\SYSTEM32\UMPDC.dll
0x00007ffe69500000 - 0x00007ffe6951b000 	C:\WINDOWS\SYSTEM32\kernel.appcore.dll
0x00007ffe52e60000 - 0x00007ffe52e6a000 	C:\Users\Esther\.vscode\extensions\redhat.java-1.54.0-win32-x64\jre\21.0.10-win32-x86_64\bin\jimage.dll
0x00007ffe5d440000 - 0x00007ffe5d682000 	C:\WINDOWS\SYSTEM32\DBGHELP.DLL
0x00007ffe6d8e0000 - 0x00007ffe6dc63000 	C:\WINDOWS\System32\combase.dll
0x00007ffe6c5f0000 - 0x00007ffe6c6c9000 	C:\WINDOWS\System32\OLEAUT32.dll
0x00007ffe59bb0000 - 0x00007ffe59beb000 	C:\WINDOWS\SYSTEM32\dbgcore.DLL
0x00007ffe6abd0000 - 0x00007ffe6ac78000 	C:\WINDOWS\System32\bcryptPrimitives.dll
0x00007ffe476c0000 - 0x00007ffe476e0000 	C:\Users\Esther\.vscode\extensions\redhat.java-1.54.0-win32-x64\jre\21.0.10-win32-x86_64\bin\java.dll

JVMTI agents: none

dbghelp: loaded successfully - version: 4.0.5 - missing functions: none
symbol engine: initialized successfully - sym options: 0x614 - pdb path: .;C:\Users\Esther\.vscode\extensions\redhat.java-1.54.0-win32-x64\jre\21.0.10-win32-x86_64\bin;C:\WINDOWS\SYSTEM32;C:\WINDOWS\WinSxS\amd64_microsoft.windows.common-controls_6595b64144ccf1df_6.0.26100.8457_none_3e0b2faee331e92d;C:\Users\Esther\.vscode\extensions\redhat.java-1.54.0-win32-x64\jre\21.0.10-win32-x86_64\bin\server

VM Arguments:
java_command: org.jetbrains.kotlin.cli.jvm.K2JVMCompiler @C:\dveloped\flutter\packages\flutter_tools\gradle\build\20260602_16391540518321547501.compiler.options
java_class_path (initial): C:\Users\Esther\.gradle\caches\modules-2\files-2.1\org.jetbrains.kotlin\kotlin-compiler-embeddable\2.2.20\bb8331b7585e36ea311825b01a1c06860c055fd1\kotlin-compiler-embeddable-2.2.20.jar;C:\Users\Esther\.gradle\caches\modules-2\files-2.1\org.jetbrains.kotlin\kotlin-stdlib\2.2.20\5380b19fa1924399b62ce3a1faffebb2b4f82272\kotlin-stdlib-2.2.20.jar;C:\Users\Esther\.gradle\caches\modules-2\files-2.1\org.jetbrains.kotlin\kotlin-script-runtime\2.2.20\4c679cbeac0bb583b75c3a080013da8eaf240807\kotlin-script-runtime-2.2.20.jar;C:\Users\Esther\.gradle\caches\modules-2\files-2.1\org.jetbrains.kotlin\kotlin-reflect\1.6.10\1cbe9c92c12a94eea200d23c2bbaedaf3daf5132\kotlin-reflect-1.6.10.jar;C:\Users\Esther\.gradle\caches\modules-2\files-2.1\org.jetbrains.kotlin\kotlin-daemon-embeddable\2.2.20\feff12d48d7f1eb628742b0a721395e16f8755bf\kotlin-daemon-embeddable-2.2.20.jar;C:\Users\Esther\.gradle\caches\modules-2\files-2.1\org.jetbrains.kotlinx\kotlinx-coroutines-core-jvm\1.8.0\ac1dc37a30a93150b704022f8d895ee1bd3a36b3\kotlinx-coroutines-core-jvm-1.8.0.jar;C:\Users\Esther\.gradle\caches\modules-2\files-2.1\org.jetbrains\annotations\13.0\919f0dfe192fb4e063e7dacadee7f8bb9a2672a9\annotations-13.0.jar
Launcher Type: SUN_STANDARD

[Global flags]
     intx CICompilerCount                          = 12                                        {product} {ergonomic}
     uint ConcGCThreads                            = 3                                         {product} {ergonomic}
     uint G1ConcRefinementThreads                  = 13                                        {product} {ergonomic}
   size_t G1HeapRegionSize                         = 2097152                                   {product} {ergonomic}
    uintx GCDrainStackTargetSize                   = 64                                        {product} {ergonomic}
   size_t InitialHeapSize                          = 232783872                                 {product} {ergonomic}
   size_t MarkStackSize                            = 4194304                                   {product} {ergonomic}
   size_t MaxHeapSize                              = 3718250496                                {product} {ergonomic}
   size_t MinHeapDeltaBytes                        = 2097152                                   {product} {ergonomic}
   size_t MinHeapSize                              = 8388608                                   {product} {ergonomic}
    uintx NonNMethodCodeHeapSize                   = 7602480                                {pd product} {ergonomic}
    uintx NonProfiledCodeHeapSize                  = 122027880                              {pd product} {ergonomic}
    uintx ProfiledCodeHeapSize                     = 122027880                              {pd product} {ergonomic}
    uintx ReservedCodeCacheSize                    = 251658240                              {pd product} {ergonomic}
     bool SegmentedCodeCache                       = true                                      {product} {ergonomic}
   size_t SoftMaxHeapSize                          = 3718250496                             {manageable} {ergonomic}
     bool UseCompressedOops                        = true                           {product lp64_product} {ergonomic}
     bool UseG1GC                                  = true                                      {product} {ergonomic}
     bool UseLargePagesIndividualAllocation        = false                                  {pd product} {ergonomic}

Logging:
Log output configuration:
 #0: stdout all=warning uptime,level,tags foldmultilines=false
 #1: stderr all=off uptime,level,tags foldmultilines=false

Release file:
<release file has not been read>
Environment Variables:
PATH=C:\Python314\Scripts\;C:\Python314\;C:\Program Files\Common Files\Oracle\Java\javapath;C:\WINDOWS\system32;C:\WINDOWS;C:\WINDOWS\System32\Wbem;C:\WINDOWS\System32\WindowsPowerShell\v1.0\;C:\WINDOWS\System32\OpenSSH\;C:\Program Files\Git\cmd;C:\Program Files\Autofirma\Autofirma;C:\Program Files\nodejs\;C:\ProgramData\chocolatey\bin;C:\Users\Esther\AppData\Local\Microsoft\WindowsApps;C:\Program Files\JetBrains\IntelliJ IDEA Community Edition 2024.2.3\bin;;C:\Users\Esther\AppData\Local\Programs\Microsoft VS Code\bin;C:\Program Files\JetBrains\IntelliJ IDEA 2024.2.4\bin;;C:\dveloped\flutter\bin;C:\Users\Esther\AppData\Local\Pub\Cache\bin;C:\Users\Esther\AppData\Roaming\npm;C:\Users\Esther\AppData\Local\Programs\Zed\bin
USERNAME=Esther
OS=Windows_NT
PROCESSOR_IDENTIFIER=AMD64 Family 23 Model 104 Stepping 1, AuthenticAMD
TMP=C:\Users\Esther\AppData\Local\Temp
TEMP=C:\Users\Esther\AppData\Local\Temp




Periodic native trim disabled

---------------  S Y S T E M  ---------------

OS:
 Windows 11 , 64 bit Build 26100 (10.0.26100.8328)
OS uptime: 0 days 2:41 hours
Hyper-V role detected

CPU: total 16 (initial active 16) (16 cores per cpu, 2 threads per core) family 23 model 104 stepping 1 microcode 0x8608103, cx8, cmov, fxsr, ht, mmx, 3dnowpref, sse, sse2, sse3, ssse3, sse4a, sse4.1, sse4.2, popcnt, lzcnt, tsc, tscinvbit, avx, avx2, aes, clmul, bmi1, bmi2, adx, sha, fma, vzeroupper, clflush, clflushopt, hv, rdtscp, rdpid, f16c
Processor Information for the first 16 processors :
  Max Mhz: 1801, Current Mhz: 1801, Mhz Limit: 1801

Memory: 4k page, system-wide physical 14181M (2229M free)
TotalPageFile size 18277M (AvailPageFile size 102M)
current process WorkingSet (physical memory assigned to process): 13M, peak: 13M
current process commit charge ("private bytes"): 70M, peak: 292M

vm_info: OpenJDK 64-Bit Server VM (21.0.10+7-LTS) for windows-amd64 JRE (21.0.10+7-LTS), built on 2026-01-20T00:00:00Z by "admin" with MS VC++ 17.12 (VS2022)

END.
